../Core/Src/main.c:14:5:main	8	static,ignoring_inline_asm
../Core/Src/main.c:36:6:SystemClock_Config	88	static
../Core/Src/main.c:76:13:MX_TIM6_Init	8	static
../Core/Src/main.c:90:13:MX_USART1_Init	40	static
../Core/Src/main.c:116:13:MX_GPIO_Init	48	static
../Core/Src/main.c:142:6:HAL_TIM_PeriodElapsedCallback	16	static
../Core/Src/main.c:151:13:APP_SetDetectedSymbol	16	static
../Core/Src/main.c:159:6:App_ProcessReceivedByte	16	static
../Core/Src/main.c:167:6:Error_Handler	4	static,ignoring_inline_asm
