../Core/Src/main.c:14:5:main	8	static,ignoring_inline_asm
../Core/Src/main.c:35:6:SystemClock_Config	88	static
../Core/Src/main.c:75:13:MX_TIM6_Init	8	static
../Core/Src/main.c:89:13:MX_USART3_Init	40	static
../Core/Src/main.c:115:13:MX_GPIO_Init	48	static
../Core/Src/main.c:141:6:HAL_TIM_PeriodElapsedCallback	16	static
../Core/Src/main.c:150:13:APP_SetDetectedSymbol	16	static
../Core/Src/main.c:158:6:App_ProcessReceivedByte	16	static
../Core/Src/main.c:166:6:Error_Handler	4	static,ignoring_inline_asm
