../Core/Src/stm32f4xx_it.c:61:6:NMI_Handler	4	static
../Core/Src/stm32f4xx_it.c:68:6:HardFault_Handler	4	static
../Core/Src/stm32f4xx_it.c:75:6:MemManage_Handler	4	static
../Core/Src/stm32f4xx_it.c:82:6:BusFault_Handler	4	static
../Core/Src/stm32f4xx_it.c:89:6:UsageFault_Handler	4	static
../Core/Src/stm32f4xx_it.c:96:6:SVC_Handler	4	static
../Core/Src/stm32f4xx_it.c:100:6:DebugMon_Handler	4	static
../Core/Src/stm32f4xx_it.c:104:6:PendSV_Handler	4	static
../Core/Src/stm32f4xx_it.c:108:6:SysTick_Handler	8	static
../Core/Src/stm32f4xx_it.c:116:6:EXTI0_IRQHandler	4	static
../Core/Src/stm32f4xx_it.c:120:6:EXTI15_10_IRQHandler	4	static
../Core/Src/stm32f4xx_it.c:124:6:TIM6_DAC_IRQHandler	8	static
../Core/Src/stm32f4xx_it.c:129:6:USART1_IRQHandler	16	static
